../Core/Src/main.c:70:6:HAL_EXTI_GPIO_Callback	16	static
../Core/Src/main.c:86:5:main	56	static
../Core/Src/main.c:165:6:SystemClock_Config	88	static
../Core/Src/main.c:212:13:MX_TIM1_Init	80	static
../Core/Src/main.c:276:13:MX_TIM3_Init	48	static
../Core/Src/main.c:337:13:MX_TIM4_Init	48	static
../Core/Src/main.c:390:13:MX_USART1_UART_Init	8	static
../Core/Src/main.c:423:13:MX_USART2_UART_Init	8	static
../Core/Src/main.c:456:13:MX_GPIO_Init	48	static
../Core/Src/main.c:499:6:run	8	static
../Core/Src/main.c:525:6:Error_Handler	4	static,ignoring_inline_asm
