../Core/Src/main.c:70:6:HAL_EXTI_GPIO_Callback	16	static
../Core/Src/main.c:86:5:main	88	static
../Core/Src/main.c:174:6:SystemClock_Config	88	static
../Core/Src/main.c:221:13:MX_TIM1_Init	80	static
../Core/Src/main.c:285:13:MX_TIM3_Init	48	static
../Core/Src/main.c:346:13:MX_TIM4_Init	48	static
../Core/Src/main.c:399:13:MX_USART1_UART_Init	8	static
../Core/Src/main.c:432:13:MX_USART2_UART_Init	8	static
../Core/Src/main.c:465:13:MX_GPIO_Init	48	static
../Core/Src/main.c:508:6:run	8	static
../Core/Src/main.c:534:6:Error_Handler	4	static,ignoring_inline_asm
